<?xml version="1.0" encoding="utf-8"?>
<TestRun id="f31a0695-bbcf-4ec3-9d0d-6e00f4d2a235" name="angel@DESCI 2024-11-28 13:22:35" runUser="DESCI\angel" xmlns="http://microsoft.com/schemas/VisualStudio/TeamTest/2010">
  <Times creation="2024-11-28T13:22:35.8558958-05:00" queuing="2024-11-28T13:22:35.8558961-05:00" start="2024-11-28T13:22:35.1034157-05:00" finish="2024-11-28T13:22:35.8561890-05:00" />
  <TestSettings name="default" id="1e25efd5-7cd1-4744-9d02-c460a9ef327e">
    <Deployment runDeploymentRoot="angel_DESCI_2024-11-28_13_22_35" />
  </TestSettings>
  <TestLists>
    <TestList name="Resultados sin formato de lista" id="8c84fa94-04c1-424b-9868-57a2d4851a1d" />
    <TestList name="Todos los resultados cargados" id="19431567-8539-422a-85d7-44ee4e166bda" />
  </TestLists>
  <ResultSummary outcome="Completed">
    <Counters total="0" executed="0" passed="0" failed="0" error="0" timeout="0" aborted="0" inconclusive="0" passedButRunAborted="0" notRunnable="0" notExecuted="0" disconnected="0" warning="0" completed="0" inProgress="0" pending="0" />
    <Output>
      <StdOut>[xUnit.net 00:00:00.00] xUnit.net VSTest Adapter v2.5.3.1+6b60a9e56a (64-bit .NET 8.0.10)&#xD;
[xUnit.net 00:00:00.06]   Discovering: ProyectoAsistencia.Tests&#xD;
[xUnit.net 00:00:00.07]   Discovered:  ProyectoAsistencia.Tests&#xD;
[xUnit.net 00:00:00.08]   Starting:    ProyectoAsistencia.Tests&#xD;
[xUnit.net 00:00:00.08]   Finished:    ProyectoAsistencia.Tests&#xD;
</StdOut>
    </Output>
    <RunInfos>
      <RunInfo computerName="DESCI" outcome="Warning" timestamp="2024-11-28T13:22:35.8089940-05:00">
        <Text>Ninguna prueba coincide con el filtro de casos de prueba proporcionado "FullyQualifiedName~HomeFeature" en C:\Users\angel\Documents\Calidad\calidad x2\PROYECTO\copoa\ProyectoAsistencia\ProyectoAsistencia.Tests\bin\Debug\net8.0\ProyectoAsistencia.Tests.dll</Text>
      </RunInfo>
    </RunInfos>
  </ResultSummary>
</TestRun>